# serializer version: 1
# name: test_alpha_snapshot
  dict({
    'abnormal_results': list([
      dict({
        'code': dict({
          'code': '38483-4',
          'display': 'Creatinine',
          'system': 'http://loinc.org',
          'text': 'Creatinine',
        }),
        'effective_date': '2021-01-10',
        'interpretation': 'H',
        'source_id': '4e9ff360-38ac-4a3c-bbe2-d7ed9b02daba',
        'unit': 'mg/dL',
        'value': 1.7526175111265963,
      }),
      dict({
        'code': dict({
          'code': '2069-3',
          'display': 'Chloride',
          'system': 'http://loinc.org',
          'text': 'Chloride',
        }),
        'effective_date': '2021-01-10',
        'interpretation': 'H',
        'source_id': 'e128dd8e-58a1-41c8-a1a4-6a71acc1feb3',
        'unit': 'mmol/L',
        'value': 108.60699473051469,
      }),
      dict({
        'code': dict({
          'code': '38483-4',
          'display': 'Creatinine',
          'system': 'http://loinc.org',
          'text': 'Creatinine',
        }),
        'effective_date': '2018-01-07',
        'interpretation': 'H',
        'source_id': '08f1f357-7a8f-4ba9-8812-e0f4e4c133c7',
        'unit': 'mg/dL',
        'value': 1.4178570127962582,
      }),
      dict({
        'code': dict({
          'code': '2069-3',
          'display': 'Chloride',
          'system': 'http://loinc.org',
          'text': 'Chloride',
        }),
        'effective_date': '2018-01-07',
        'interpretation': 'H',
        'source_id': '0188de9e-a2ac-4fb1-9180-e2ffae9c6f30',
        'unit': 'mmol/L',
        'value': 107.33569814490134,
      }),
      dict({
        'code': dict({
          'code': '38483-4',
          'display': 'Creatinine',
          'system': 'http://loinc.org',
          'text': 'Creatinine',
        }),
        'effective_date': '2015-01-04',
        'interpretation': 'H',
        'source_id': 'dcfa105f-93a8-4a10-bb1b-e36a52299a05',
        'unit': 'mg/dL',
        'value': 1.3742752382103434,
      }),
      dict({
        'code': dict({
          'code': '2069-3',
          'display': 'Chloride',
          'system': 'http://loinc.org',
          'text': 'Chloride',
        }),
        'effective_date': '2015-01-04',
        'interpretation': 'H',
        'source_id': '2a0bad3a-404e-4765-9522-9caa26f568d6',
        'unit': 'mmol/L',
        'value': 107.87907964463116,
      }),
      dict({
        'code': dict({
          'code': '38483-4',
          'display': 'Creatinine',
          'system': 'http://loinc.org',
          'text': 'Creatinine',
        }),
        'effective_date': '2012-01-01',
        'interpretation': 'H',
        'source_id': 'f41d051a-a0b6-42cb-9fe7-f1396c883bf9',
        'unit': 'mg/dL',
        'value': 1.313038785479118,
      }),
      dict({
        'code': dict({
          'code': '20565-8',
          'display': 'Carbon Dioxide',
          'system': 'http://loinc.org',
          'text': 'Carbon Dioxide',
        }),
        'effective_date': '2012-01-01',
        'interpretation': 'L',
        'source_id': '421de74b-2ca8-47c1-87f6-610547e101ad',
        'unit': 'mmol/L',
        'value': 20.439675569511806,
      }),
    ]),
    'active_conditions': list([
      dict({
        'clinical_status': 'active',
        'code': dict({
          'code': '15777000',
          'display': 'Prediabetes',
          'system': 'http://snomed.info/sct',
          'text': 'Prediabetes',
        }),
        'onset_date': '2010-12-26',
        'recorded_date': '2010-12-26',
        'source_id': '1feb73c3-d905-4267-8aff-e0a47b04d905',
        'source_type': 'Condition',
        'verification_status': 'confirmed',
      }),
      dict({
        'clinical_status': 'active',
        'code': dict({
          'code': '271737000',
          'display': 'Anemia (disorder)',
          'system': 'http://snomed.info/sct',
          'text': 'Anemia (disorder)',
        }),
        'onset_date': '2010-12-26',
        'recorded_date': '2010-12-26',
        'source_id': 'cf1dd31e-8f19-4861-a5fb-7a898a75110a',
        'source_type': 'Condition',
        'verification_status': 'confirmed',
      }),
      dict({
        'clinical_status': 'active',
        'code': dict({
          'code': '232353008',
          'display': 'Perennial allergic rhinitis with seasonal variation',
          'system': 'http://snomed.info/sct',
          'text': 'Perennial allergic rhinitis with seasonal variation',
        }),
        'onset_date': '1996-09-26',
        'recorded_date': '1996-09-26',
        'source_id': '66c50e41-41a0-4061-9a4d-d8955ac7313f',
        'source_type': 'Condition',
        'verification_status': 'confirmed',
      }),
    ]),
    'allergies': list([
      dict({
        'clinical_status': 'active',
        'criticality': 'low',
        'reaction': None,
        'source_id': 'bdbd396b-b2c2-4b8f-905a-29b928a4ded1',
        'substance': dict({
          'code': '424213003',
          'display': 'Allergy to bee venom',
          'system': 'http://snomed.info/sct',
          'text': 'Allergy to bee venom',
        }),
      }),
      dict({
        'clinical_status': 'active',
        'criticality': 'low',
        'reaction': None,
        'source_id': '6ebdf515-1a43-4a4d-9c4b-e7881d8cdf59',
        'substance': dict({
          'code': '419474003',
          'display': 'Allergy to mould',
          'system': 'http://snomed.info/sct',
          'text': 'Allergy to mould',
        }),
      }),
      dict({
        'clinical_status': 'active',
        'criticality': 'low',
        'reaction': None,
        'source_id': 'a2fb9047-e975-4552-8ef5-a4062c9e57d1',
        'substance': dict({
          'code': '232350006',
          'display': 'House dust mite allergy',
          'system': 'http://snomed.info/sct',
          'text': 'House dust mite allergy',
        }),
      }),
      dict({
        'clinical_status': 'active',
        'criticality': 'low',
        'reaction': None,
        'source_id': 'ad0782e0-26fb-45d7-ae76-e7e59bd30a91',
        'substance': dict({
          'code': '232347008',
          'display': 'Dander (animal) allergy',
          'system': 'http://snomed.info/sct',
          'text': 'Dander (animal) allergy',
        }),
      }),
      dict({
        'clinical_status': 'active',
        'criticality': 'low',
        'reaction': None,
        'source_id': '7a5607f4-9da7-40d5-85fd-0eaee6a584a3',
        'substance': dict({
          'code': '419263009',
          'display': 'Allergy to tree pollen',
          'system': 'http://snomed.info/sct',
          'text': 'Allergy to tree pollen',
        }),
      }),
      dict({
        'clinical_status': 'active',
        'criticality': 'low',
        'reaction': None,
        'source_id': '9a47cad6-1d7d-4041-a09d-152422f330c6',
        'substance': dict({
          'code': '300913006',
          'display': 'Shellfish allergy',
          'system': 'http://snomed.info/sct',
          'text': 'Shellfish allergy',
        }),
      }),
      dict({
        'clinical_status': 'active',
        'criticality': 'low',
        'reaction': None,
        'source_id': 'b0aafd37-fc2e-4cc7-9106-af632e54394b',
        'substance': dict({
          'code': '417532002',
          'display': 'Allergy to fish',
          'system': 'http://snomed.info/sct',
          'text': 'Allergy to fish',
        }),
      }),
    ]),
    'counts': dict({
      'allergies': 7,
      'conditions': 4,
      'encounters': 9,
      'medications': 4,
      'observations': 82,
    }),
    'current_medications': list([
      dict({
        'authored_on': '2010-12-26',
        'code': dict({
          'code': '2001499',
          'display': 'Vitamin B 12 5 MG/ML Injectable Solution',
          'system': 'http://www.nlm.nih.gov/research/umls/rxnorm',
          'text': 'Vitamin B 12 5 MG/ML Injectable Solution',
        }),
        'dosage_text': None,
        'source_id': '6ffb8dd0-076b-43f8-bc65-ef592c3bbc27',
        'status': 'active',
      }),
      dict({
        'authored_on': '1993-03-20',
        'code': dict({
          'code': '197378',
          'display': 'Astemizole 10 MG Oral Tablet',
          'system': 'http://www.nlm.nih.gov/research/umls/rxnorm',
          'text': 'Astemizole 10 MG Oral Tablet',
        }),
        'dosage_text': None,
        'source_id': 'de22187d-5392-495a-92fb-57737b0fe9c3',
        'status': 'active',
      }),
      dict({
        'authored_on': '1993-03-20',
        'code': dict({
          'code': '1870230',
          'display': 'NDA020800 0.3 ML Epinephrine 1 MG/ML Auto-Injector',
          'system': 'http://www.nlm.nih.gov/research/umls/rxnorm',
          'text': 'NDA020800 0.3 ML Epinephrine 1 MG/ML Auto-Injector',
        }),
        'dosage_text': None,
        'source_id': 'aca31e30-5280-4bd1-bfb9-2fd72f01e077',
        'status': 'active',
      }),
    ]),
    'patient': dict({
      'birth_date': '1992-09-20',
      'deceased': False,
      'gender': 'male',
      'id': '963dabe4-84e7-4751-b432-e34bdbdbde05',
      'name': 'Marcos Delagarza',
    }),
    'recent_encounters': list([
      dict({
        'class': 'AMB',
        'period_end': '2021-01-10',
        'period_start': '2021-01-10',
        'reason': None,
        'source_id': 'ebd98f66-b46a-4d10-a622-975beb3d3863',
        'status': 'finished',
        'type': dict({
          'code': '185349003',
          'display': 'Encounter for check up (procedure)',
          'system': 'http://snomed.info/sct',
          'text': 'Encounter for check up (procedure)',
        }),
      }),
      dict({
        'class': 'AMB',
        'period_end': '2018-01-07',
        'period_start': '2018-01-07',
        'reason': None,
        'source_id': '0281e764-ad55-4718-9997-6f7b01a4b7da',
        'status': 'finished',
        'type': dict({
          'code': '185349003',
          'display': 'Encounter for check up (procedure)',
          'system': 'http://snomed.info/sct',
          'text': 'Encounter for check up (procedure)',
        }),
      }),
      dict({
        'class': 'AMB',
        'period_end': '2015-01-04',
        'period_start': '2015-01-04',
        'reason': None,
        'source_id': 'c816860e-7569-412b-b8d1-ef9cc8366624',
        'status': 'finished',
        'type': dict({
          'code': '185349003',
          'display': 'Encounter for check up (procedure)',
          'system': 'http://snomed.info/sct',
          'text': 'Encounter for check up (procedure)',
        }),
      }),
      dict({
        'class': 'AMB',
        'period_end': '2012-01-01',
        'period_start': '2012-01-01',
        'reason': None,
        'source_id': '82bb1e21-a553-453b-a155-28c3e65f2879',
        'status': 'finished',
        'type': dict({
          'code': '185349003',
          'display': 'Encounter for check up (procedure)',
          'system': 'http://snomed.info/sct',
          'text': 'Encounter for check up (procedure)',
        }),
      }),
      dict({
        'class': 'EMER',
        'period_end': '2011-11-06',
        'period_start': '2011-11-06',
        'reason': None,
        'source_id': '2cbf3b35-b64a-42b7-8ee2-0bd7554ed05b',
        'status': 'finished',
        'type': dict({
          'code': '50849002',
          'display': 'Emergency room admission (procedure)',
          'system': 'http://snomed.info/sct',
          'text': 'Emergency room admission (procedure)',
        }),
      }),
    ]),
  })
# ---
# name: test_beta_snapshot
  dict({
    'abnormal_results': list([
      dict({
        'code': dict({
          'code': '39156-5',
          'display': 'Body Mass Index',
          'system': 'http://loinc.org',
          'text': 'Body Mass Index',
        }),
        'effective_date': '2011-06-30',
        'interpretation': 'L',
        'source_id': 'bde7f8b9-8664-4921-aaeb-a4a5ba07dec3',
        'unit': 'kg/m2',
        'value': 18.35850652353542,
      }),
    ]),
    'active_conditions': list([
    ]),
    'allergies': list([
    ]),
    'counts': dict({
      'allergies': 0,
      'conditions': 3,
      'encounters': 7,
      'medications': 1,
      'observations': 47,
    }),
    'current_medications': list([
    ]),
    'patient': dict({
      'birth_date': '1992-04-30',
      'deceased': False,
      'gender': 'male',
      'id': '6099858f-4c54-4c3e-a3f3-01e678457cc0',
      'name': 'Stanley Balistreri',
    }),
    'recent_encounters': list([
      dict({
        'class': 'AMB',
        'period_end': '2020-07-09',
        'period_start': '2020-07-09',
        'reason': None,
        'source_id': 'fe26d396-16a3-43a3-90e2-55d79043fd00',
        'status': 'finished',
        'type': dict({
          'code': '185349003',
          'display': 'Encounter for check up (procedure)',
          'system': 'http://snomed.info/sct',
          'text': 'Encounter for check up (procedure)',
        }),
      }),
      dict({
        'class': 'AMB',
        'period_end': '2017-07-06',
        'period_start': '2017-07-06',
        'reason': None,
        'source_id': '048f7a10-7912-418a-9820-049cc0d45704',
        'status': 'finished',
        'type': dict({
          'code': '185349003',
          'display': 'Encounter for check up (procedure)',
          'system': 'http://snomed.info/sct',
          'text': 'Encounter for check up (procedure)',
        }),
      }),
      dict({
        'class': 'AMB',
        'period_end': '2014-08-23',
        'period_start': '2014-08-23',
        'reason': dict({
          'code': '444814009',
          'display': 'Viral sinusitis (disorder)',
          'system': 'http://snomed.info/sct',
          'text': None,
        }),
        'source_id': '00f42cbf-a84f-4a97-a424-567159dbd87e',
        'status': 'finished',
        'type': dict({
          'code': '185345009',
          'display': 'Encounter for symptom',
          'system': 'http://snomed.info/sct',
          'text': 'Encounter for symptom',
        }),
      }),
      dict({
        'class': 'AMB',
        'period_end': '2014-07-03',
        'period_start': '2014-07-03',
        'reason': None,
        'source_id': 'cbef7872-1ac4-4d24-8eab-62ac0e96e84b',
        'status': 'finished',
        'type': dict({
          'code': '185349003',
          'display': 'Encounter for check up (procedure)',
          'system': 'http://snomed.info/sct',
          'text': 'Encounter for check up (procedure)',
        }),
      }),
      dict({
        'class': 'AMB',
        'period_end': '2014-02-19',
        'period_start': '2014-02-19',
        'reason': dict({
          'code': '195662009',
          'display': 'Acute viral pharyngitis (disorder)',
          'system': 'http://snomed.info/sct',
          'text': None,
        }),
        'source_id': 'a62929ad-5c4c-4f11-b0fe-741d1a56e390',
        'status': 'finished',
        'type': dict({
          'code': '185345009',
          'display': 'Encounter for symptom',
          'system': 'http://snomed.info/sct',
          'text': 'Encounter for symptom',
        }),
      }),
    ]),
  })
# ---
# name: test_gamma_snapshot
  dict({
    'abnormal_results': list([
    ]),
    'active_conditions': list([
    ]),
    'allergies': list([
      dict({
        'clinical_status': 'active',
        'criticality': None,
        'reaction': None,
        'source_id': '1d583382-5ea2-4199-b87d-78a132acb06a',
        'substance': dict({
          'code': '716186003',
          'display': 'No known allergies (situation)',
          'system': 'http://snomed.info/sct',
          'text': 'No known allergies',
        }),
      }),
    ]),
    'counts': dict({
      'allergies': 1,
      'conditions': 2,
      'encounters': 7,
      'medications': 2,
      'observations': 41,
    }),
    'current_medications': list([
    ]),
    'patient': dict({
      'birth_date': '1994-02-01',
      'deceased': False,
      'gender': 'male',
      'id': '27de96c6-6910-4f0f-8f10-00ce6090f447',
      'name': 'Agustín Fonseca',
    }),
    'recent_encounters': list([
      dict({
        'class': 'AMB',
        'period_end': '2019-12-31',
        'period_start': '2019-12-31',
        'reason': None,
        'source_id': '0a886118-de47-4121-b4e7-67766953c54e',
        'status': 'finished',
        'type': dict({
          'code': '185349003',
          'display': 'Encounter for check up (procedure)',
          'system': 'http://snomed.info/sct',
          'text': 'Encounter for check up (procedure)',
        }),
      }),
      dict({
        'class': 'EMER',
        'period_end': '2019-09-09',
        'period_start': '2019-09-09',
        'reason': None,
        'source_id': 'c5ba5267-5fcd-4f89-8d50-6b9914a1d29a',
        'status': 'finished',
        'type': dict({
          'code': '50849002',
          'display': 'Emergency room admission (procedure)',
          'system': 'http://snomed.info/sct',
          'text': 'Emergency room admission (procedure)',
        }),
      }),
      dict({
        'class': 'AMB',
        'period_end': '2016-12-27',
        'period_start': '2016-12-27',
        'reason': None,
        'source_id': '30eac7f7-8f9f-4256-85b4-4ea721195d23',
        'status': 'finished',
        'type': dict({
          'code': '185349003',
          'display': 'Encounter for check up (procedure)',
          'system': 'http://snomed.info/sct',
          'text': 'Encounter for check up (procedure)',
        }),
      }),
      dict({
        'class': 'EMER',
        'period_end': '2016-01-07',
        'period_start': '2016-01-07',
        'reason': None,
        'source_id': '657813e0-4f81-4e43-b104-5f00fe26bb8d',
        'status': 'finished',
        'type': dict({
          'code': '50849002',
          'display': 'Emergency room admission (procedure)',
          'system': 'http://snomed.info/sct',
          'text': 'Emergency room admission (procedure)',
        }),
      }),
      dict({
        'class': 'AMB',
        'period_end': '2013-12-24',
        'period_start': '2013-12-24',
        'reason': None,
        'source_id': '65ba1296-cc74-43a6-b5dc-d66dfde6e880',
        'status': 'finished',
        'type': dict({
          'code': '185349003',
          'display': 'Encounter for check up (procedure)',
          'system': 'http://snomed.info/sct',
          'text': 'Encounter for check up (procedure)',
        }),
      }),
    ]),
  })
# ---
